// Jest Snapshot v1, https://goo.gl/fbAQLP

exports[`CreateForm component tests sub components: Test1 1`] = `
Object {
  "asFragment": [Function],
  "baseElement": <body>
    <div>
      <form
        class=""
      >
        <div
          class="justify-content-center row"
        >
          <div
            class="col-sm-6"
          >
            <div
              class="col-sm-12"
            >
              <div
                class="mb-3"
              >
                <label
                  class="form-label"
                  for="enterName"
                >
                  Enter name
                </label>
                <div
                  class="mb-3 input-group"
                >
                  <input
                    aria-describedby="inputGroup-sizing-default"
                    aria-label="Enter name"
                    class="form-control"
                    id="formName"
                    placeholder="Enter name"
                  />
                </div>
              </div>
            </div>
            <div
              class="col-sm-12"
            >
              <div
                class="mb-3"
              >
                <label
                  class="form-label"
                  for="enterLocation"
                >
                  Select location
                </label>
                <select
                  aria-label="Default select example"
                  class="form-select"
                  id="formCountry"
                >
                  <option>
                    Select country
                  </option>
                  <option
                    value="india"
                  >
                    India
                  </option>
                  <option
                    value="uae"
                  >
                    UAE
                  </option>
                  <option
                    value="Turkey"
                  >
                    Turkey
                  </option>
                </select>
              </div>
            </div>
            <div
              class="col"
            >
              <label
                class="form-label"
                for="enterColor"
              >
                Select favourite color
              </label>
              <div
                class="row row-cols-sm-12"
              >
                <div
                  class="col-sm-3"
                >
                  <label
                    class="form-label"
                    for="exampleColorInput"
                  >
                    Color picker
                  </label>
                </div>
                <div
                  class="col-sm-9"
                >
                  <input
                    class="form-control form-control-color"
                    id="exampleColorInput"
                    title="Choose your color"
                    type="color"
                    value="#42bca8"
                  />
                </div>
              </div>
            </div>
          </div>
        </div>
      </form>
    </div>
  </body>,
  "container": <div>
    <form
      class=""
    >
      <div
        class="justify-content-center row"
      >
        <div
          class="col-sm-6"
        >
          <div
            class="col-sm-12"
          >
            <div
              class="mb-3"
            >
              <label
                class="form-label"
                for="enterName"
              >
                Enter name
              </label>
              <div
                class="mb-3 input-group"
              >
                <input
                  aria-describedby="inputGroup-sizing-default"
                  aria-label="Enter name"
                  class="form-control"
                  id="formName"
                  placeholder="Enter name"
                />
              </div>
            </div>
          </div>
          <div
            class="col-sm-12"
          >
            <div
              class="mb-3"
            >
              <label
                class="form-label"
                for="enterLocation"
              >
                Select location
              </label>
              <select
                aria-label="Default select example"
                class="form-select"
                id="formCountry"
              >
                <option>
                  Select country
                </option>
                <option
                  value="india"
                >
                  India
                </option>
                <option
                  value="uae"
                >
                  UAE
                </option>
                <option
                  value="Turkey"
                >
                  Turkey
                </option>
              </select>
            </div>
          </div>
          <div
            class="col"
          >
            <label
              class="form-label"
              for="enterColor"
            >
              Select favourite color
            </label>
            <div
              class="row row-cols-sm-12"
            >
              <div
                class="col-sm-3"
              >
                <label
                  class="form-label"
                  for="exampleColorInput"
                >
                  Color picker
                </label>
              </div>
              <div
                class="col-sm-9"
              >
                <input
                  class="form-control form-control-color"
                  id="exampleColorInput"
                  title="Choose your color"
                  type="color"
                  value="#42bca8"
                />
              </div>
            </div>
          </div>
        </div>
      </div>
    </form>
  </div>,
  "debug": [Function],
  "findAllByAltText": [Function],
  "findAllByDisplayValue": [Function],
  "findAllByLabelText": [Function],
  "findAllByPlaceholderText": [Function],
  "findAllByRole": [Function],
  "findAllByTestId": [Function],
  "findAllByText": [Function],
  "findAllByTitle": [Function],
  "findByAltText": [Function],
  "findByDisplayValue": [Function],
  "findByLabelText": [Function],
  "findByPlaceholderText": [Function],
  "findByRole": [Function],
  "findByTestId": [Function],
  "findByText": [Function],
  "findByTitle": [Function],
  "getAllByAltText": [Function],
  "getAllByDisplayValue": [Function],
  "getAllByLabelText": [Function],
  "getAllByPlaceholderText": [Function],
  "getAllByRole": [Function],
  "getAllByTestId": [Function],
  "getAllByText": [Function],
  "getAllByTitle": [Function],
  "getByAltText": [Function],
  "getByDisplayValue": [Function],
  "getByLabelText": [Function],
  "getByPlaceholderText": [Function],
  "getByRole": [Function],
  "getByTestId": [Function],
  "getByText": [Function],
  "getByTitle": [Function],
  "queryAllByAltText": [Function],
  "queryAllByDisplayValue": [Function],
  "queryAllByLabelText": [Function],
  "queryAllByPlaceholderText": [Function],
  "queryAllByRole": [Function],
  "queryAllByTestId": [Function],
  "queryAllByText": [Function],
  "queryAllByTitle": [Function],
  "queryByAltText": [Function],
  "queryByDisplayValue": [Function],
  "queryByLabelText": [Function],
  "queryByPlaceholderText": [Function],
  "queryByRole": [Function],
  "queryByTestId": [Function],
  "queryByText": [Function],
  "queryByTitle": [Function],
  "rerender": [Function],
  "unmount": [Function],
}
`;
